// Jest Snapshot v1, https://goo.gl/fbAQLP

exports[`Event component renders correct 1`] = `
<div>
  <h1 />
   - 
  <h2 />
  <p />
</div>
`;
